// Vitest Snapshot v1, https://vitest.dev/guide/snapshot.html

exports[`App.svelte > renders without errors 1`] = `
"<div><main class=\\"svelte-jhiv5q\\"><header><h1 class=\\"svelte-jhiv5q\\">Canadian Wildfire Map</h1></header> <section class=\\"svelte-jhiv5q\\"><h2>Stay Updated on Wildfires Across Canada</h2> <p>The Canadian Wildfire Map is an interactive web app that provides
			users with up-to-date information on wildfires across the country.
			With point icons for Active Wildfires and Fire Perimeter Estimate
			Polygons indicating the affected areas, users can quickly see where
			wildfires are currently burning and how they are spreading.</p> <div class=\\"legend svelte-jhiv5q\\"><h3 class=\\"svelte-jhiv5q\\">Fire Status:</h3> <div class=\\"legend-range legend-range-color-out-of-control svelte-jhiv5q\\"><div class=\\"legend-label svelte-jhiv5q\\">Out of control</div> <div class=\\"legend-range-item svelte-jhiv5q\\">0 to 100 Ha</div> <div class=\\"legend-range-item svelte-jhiv5q\\">101 to 1000 Ha</div> <div class=\\"legend-range-item svelte-jhiv5q\\">&gt; 1000 Ha</div></div> <div class=\\"legend-range legend-range-color-being-held svelte-jhiv5q\\"><div class=\\"legend-label svelte-jhiv5q\\">Being held</div> <div class=\\"legend-range-item svelte-jhiv5q\\">0 to 100 Ha</div> <div class=\\"legend-range-item svelte-jhiv5q\\">101 to 1000 Ha</div> <div class=\\"legend-range-item svelte-jhiv5q\\">&gt; 1000 Ha</div></div> <div class=\\"legend-range legend-range-color-under-control svelte-jhiv5q\\"><div class=\\"legend-label svelte-jhiv5q\\">Under control</div> <div class=\\"legend-range-item svelte-jhiv5q\\">0 to 100 Ha</div> <div class=\\"legend-range-item svelte-jhiv5q\\">101 to 1000 Ha</div> <div class=\\"legend-range-item svelte-jhiv5q\\">&gt; 1000 Ha</div></div> <div class=\\"legend-range legend-range-color-other svelte-jhiv5q\\"><div class=\\"legend-label svelte-jhiv5q\\">Other</div> <div class=\\"legend-range-item svelte-jhiv5q\\">0 to 100 Ha</div> <div class=\\"legend-range-item svelte-jhiv5q\\">101 to 1000 Ha</div> <div class=\\"legend-range-item svelte-jhiv5q\\">&gt; 1000 Ha</div></div></div> <h2>Search for Locations and Access Detailed Information</h2> <p>Users can search for a location by entering a city name or postal
			code in the search bar. The map will then zoom to that location,
			allowing users to see if any wildfires are burning nearby. By
			clicking on a fire icon, users can access more detailed information
			about that specific wildfire, including its size, location, and
			status.</p> <h2>Stay Informed About Fire Danger Ratings</h2> <p>In addition to wildfire information, the Canadian Wildfire Map also
			provides users with Current Fire Danger Polygons, which indicate the
			current fire danger rating for each region. Fire Danger is a
			relative index of how easy it is to ignite vegetation, how difficult
			a fire may be to control, and how much damage a fire may do. Turn on
			this layer under the layers control in the top right of the map. By
			staying informed about fire danger ratings, users can take steps to
			protect themselves and their communities from wildfires.</p> <div class=\\"legend svelte-jhiv5q\\"><h3 class=\\"svelte-jhiv5q\\">Fire Danger Ratings:</h3> <div class=\\"legend-item svelte-jhiv5q\\"><div class=\\"legend-color legend-color-low svelte-jhiv5q\\"></div> <div class=\\"legend-label svelte-jhiv5q\\">Low</div></div> <div class=\\"legend-item svelte-jhiv5q\\"><div class=\\"legend-color legend-color-moderate svelte-jhiv5q\\"></div> <div class=\\"legend-label svelte-jhiv5q\\">Moderate</div></div> <div class=\\"legend-item svelte-jhiv5q\\"><div class=\\"legend-color legend-color-high svelte-jhiv5q\\"></div> <div class=\\"legend-label svelte-jhiv5q\\">High</div></div> <div class=\\"legend-item svelte-jhiv5q\\"><div class=\\"legend-color legend-color-very-high svelte-jhiv5q\\"></div> <div class=\\"legend-label svelte-jhiv5q\\">Very High</div></div> <div class=\\"legend-item svelte-jhiv5q\\"><div class=\\"legend-color legend-color-extreme svelte-jhiv5q\\"></div> <div class=\\"legend-label svelte-jhiv5q\\">Extreme</div></div></div> <h2>Get Involved in Wildfire Prevention Efforts</h2> <p>The Canadian Wildfire Map is not just a tool for staying informed
			about wildfires - it is also a platform for getting involved in
			wildfire prevention efforts. Here are some ways you can become
			involved:</p> <ol><li>Spread Awareness: Share the Canadian Wildfire Map with your
				friends, family, and community to raise awareness about the
				severity of wildfires in Canada and the importance of
				prevention.</li> <li>Follow Safety Guidelines: Familiarize yourself with and adhere
				to local fire safety guidelines and regulations to reduce the
				risk of wildfires in your area.</li> <li>Report Suspicious Activity: If you notice any suspicious or
				potentially dangerous activities that could lead to wildfires,
				report them to the appropriate authorities.</li> <li>Support Local Fire Departments: Donate to or volunteer with
				local fire departments and organizations that work towards
				wildfire prevention, preparedness, and response efforts.</li> <li>Join Community Programs: Participate in community programs
				focused on wildfire prevention and education, such as firewise
				initiatives or fire prevention workshops.</li></ol> <p>By actively participating in these efforts, you can help prevent
			wildfires and protect your community and the natural environment
			from the devastating impacts of uncontrolled fires.</p> <h2>Try the Canadian Wildfire Map Today</h2> <p>Whether you are a concerned citizen, a firefighter, or a government
			official, the Canadian Wildfire Map is an essential tool for staying
			informed about wildfires across the country. Try it today and see
			how it can help you stay safe and informed.</p> <h2>Learn More</h2> <p>Visit our <a href=\\"https://github.com/sixcolors/cs50-final-project\\">GitHub repository</a> to learn more about the Canadian Wildfire Map and how it was created.</p></section> <form autocomplete=\\"off\\"><div class=\\"autocomplete svelte-slbzz2\\"><input id=\\"location-input\\" type=\\"text\\" placeholder=\\"Search Location\\" class=\\"svelte-slbzz2\\"> </div> <input type=\\"submit\\" value=\\"Submit\\" class=\\"svelte-slbzz2\\"></form>  <div class=\\"map svelte-1y752fh\\"><div style=\\"height: 100%; width: 100%; position: relative;\\" class=\\"leaflet-container leaflet-touch leaflet-grab leaflet-touch-drag leaflet-touch-zoom\\" tabindex=\\"0\\"><div class=\\"leaflet-pane leaflet-map-pane\\" style=\\"left: 0px; top: 0px;\\"><div class=\\"leaflet-pane leaflet-tile-pane\\"><div class=\\"leaflet-layer \\" style=\\"z-index: 1; opacity: 1;\\"><div class=\\"leaflet-tile-container leaflet-zoom-animated\\" style=\\"z-index: 20; left: 0px; top: 0px;\\"><img alt=\\"\\" src=\\"https://b.tile.openstreetmap.org/4/3/4.png\\" class=\\"leaflet-tile\\" style=\\"width: 256px; height: 256px; left: -199px; top: -165px;\\"></div></div><div class=\\"leaflet-layer \\" style=\\"z-index: 1; opacity: 1;\\"><div class=\\"leaflet-tile-container leaflet-zoom-animated\\" style=\\"z-index: 18; left: 0px; top: 0px;\\"><img alt=\\"\\" src=\\"https://cwfis.cfs.nrcan.gc.ca/geoserver/public/wms?&amp;service=WMS&amp;request=GetMap&amp;layers=m3_polygons_current%2Cactivefires_current&amp;styles=&amp;format=image%2Fpng&amp;transparent=true&amp;version=1.1.1&amp;legend=true&amp;width=256&amp;height=256&amp;srs=EPSG%3A3857&amp;bbox=-12523442.714243278,7514065.628545967,-10018754.171394622,10018754.171394628\\" class=\\"leaflet-tile\\" style=\\"width: 256px; height: 256px; left: -199px; top: -165px;\\"></div></div></div><div class=\\"leaflet-pane leaflet-overlay-pane\\"></div><div class=\\"leaflet-pane leaflet-shadow-pane\\"></div><div class=\\"leaflet-pane leaflet-marker-pane\\"></div><div class=\\"leaflet-pane leaflet-tooltip-pane\\"></div><div class=\\"leaflet-pane leaflet-popup-pane\\"></div></div><div class=\\"leaflet-control-container\\"><div class=\\"leaflet-top leaflet-left\\"><div class=\\"leaflet-control-zoom leaflet-bar leaflet-control\\"><a class=\\"leaflet-control-zoom-in\\" href=\\"#\\" title=\\"Zoom in\\" role=\\"button\\" aria-label=\\"Zoom in\\" aria-disabled=\\"false\\"><span aria-hidden=\\"true\\">+</span></a><a class=\\"leaflet-control-zoom-out\\" href=\\"#\\" title=\\"Zoom out\\" role=\\"button\\" aria-label=\\"Zoom out\\" aria-disabled=\\"false\\"><span aria-hidden=\\"true\\">−</span></a></div></div><div class=\\"leaflet-top leaflet-right\\"></div><div class=\\"leaflet-bottom leaflet-left\\"></div><div class=\\"leaflet-bottom leaflet-right\\"><div class=\\"leaflet-control-attribution leaflet-control\\"><a href=\\"https://leafletjs.com\\" title=\\"A JavaScript library for interactive maps\\">Leaflet</a> <span aria-hidden=\\"true\\">|</span> © OpenStreetMap contributors, Canadian Forest Service. 2022. Canadian Wildland Fire Information System (CWFIS), Natural Resources Canada, Canadian Forest Service, Northern Forestry Centre, Edmonton, Alberta. https://cwfis.cfs.nrcan.gc.ca.</div></div></div> </div></div> </main> <footer class=\\"svelte-jhiv5q\\"><p>This service is provided as is, without warranty of any kind. The
		accuracy of data on this website is not guaranteed.</p> <p>For official Canadian Wildland Fire Information System (CWFIS)
		information, please visit <a href=\\"https://cwfis.cfs.nrcan.gc.ca/\\">https://cwfis.cfs.nrcan.gc.ca/</a>.</p></footer></div>"
`;
