// Vitest Snapshot v1, https://vitest.dev/guide/snapshot.html

exports[`Map.svelte > renders without errors 1`] = `"<div><form autocomplete=\\"off\\"><div class=\\"autocomplete svelte-1vfk4s3\\"><input id=\\"location-input\\" type=\\"text\\" placeholder=\\"Search Location\\" autocapitalize=\\"off\\" autocomplete=\\"off\\" autocorrect=\\"off\\" class=\\"svelte-1vfk4s3\\"> </div> <input type=\\"submit\\" value=\\"Submit\\" disabled=\\"\\" class=\\"svelte-1vfk4s3\\"></form>  <div class=\\"map svelte-1a6lic7\\"><div style=\\"height: 100%; width: 100%; position: relative;\\" class=\\"leaflet-container leaflet-touch leaflet-grab leaflet-touch-drag leaflet-touch-zoom\\" tabindex=\\"0\\"><div class=\\"leaflet-pane leaflet-map-pane\\" style=\\"left: 0px; top: 0px;\\"><div class=\\"leaflet-pane leaflet-tile-pane\\"><div class=\\"leaflet-layer \\" style=\\"z-index: 1; opacity: 1;\\"><div class=\\"leaflet-tile-container leaflet-zoom-animated\\" style=\\"z-index: 20; left: 0px; top: 0px;\\"><img alt=\\"\\" src=\\"https://b.tile.openstreetmap.org/4/3/4.png\\" class=\\"leaflet-tile\\" style=\\"width: 256px; height: 256px; left: -199px; top: -165px;\\"></div></div><div class=\\"leaflet-layer \\" style=\\"z-index: 1; opacity: 1;\\"><div class=\\"leaflet-tile-container leaflet-zoom-animated\\" style=\\"z-index: 18; left: 0px; top: 0px;\\"><img alt=\\"\\" src=\\"https://cwfis.cfs.nrcan.gc.ca/geoserver/public/wms?&amp;service=WMS&amp;request=GetMap&amp;layers=m3_polygons_current%2Cactivefires_current&amp;styles=&amp;format=image%2Fpng&amp;transparent=true&amp;version=1.1.1&amp;legend=true&amp;width=256&amp;height=256&amp;srs=EPSG%3A3857&amp;bbox=-12523442.714243278,7514065.628545967,-10018754.171394622,10018754.171394628\\" class=\\"leaflet-tile\\" style=\\"width: 256px; height: 256px; left: -199px; top: -165px;\\"></div></div></div><div class=\\"leaflet-pane leaflet-overlay-pane\\"></div><div class=\\"leaflet-pane leaflet-shadow-pane\\"></div><div class=\\"leaflet-pane leaflet-marker-pane\\"></div><div class=\\"leaflet-pane leaflet-tooltip-pane\\"></div><div class=\\"leaflet-pane leaflet-popup-pane\\"></div></div><div class=\\"leaflet-control-container\\"><div class=\\"leaflet-top leaflet-left\\"><div class=\\"leaflet-control-zoom leaflet-bar leaflet-control\\"><a class=\\"leaflet-control-zoom-in\\" href=\\"#\\" title=\\"Zoom in\\" role=\\"button\\" aria-label=\\"Zoom in\\" aria-disabled=\\"false\\"><span aria-hidden=\\"true\\">+</span></a><a class=\\"leaflet-control-zoom-out\\" href=\\"#\\" title=\\"Zoom out\\" role=\\"button\\" aria-label=\\"Zoom out\\" aria-disabled=\\"false\\"><span aria-hidden=\\"true\\">−</span></a></div></div><div class=\\"leaflet-top leaflet-right\\"></div><div class=\\"leaflet-bottom leaflet-left\\"></div><div class=\\"leaflet-bottom leaflet-right\\"><div class=\\"leaflet-control-attribution leaflet-control\\"><a href=\\"https://leafletjs.com\\" title=\\"A JavaScript library for interactive maps\\">Leaflet</a> <span aria-hidden=\\"true\\">|</span> © OpenStreetMap contributors, Canadian Forest Service. 2022. Canadian Wildland Fire Information System (CWFIS), Natural Resources Canada, Canadian Forest Service, Northern Forestry Centre, Edmonton, Alberta. https://cwfis.cfs.nrcan.gc.ca.</div></div></div> </div></div> </div>"`;
